FMT, 128, 45, GPS, QBIHBcLLeffff, TimeUS,Status,GMS,GWk,NSats,HDop,Lat,Lng,Alt,Spd,GCrs,VZ,Yaw
FMT, 129, 31, POS, QLLfff, TimeUS,Lat,Lng,Alt,RelHomeAlt,RelOriginAlt
FMT, 130, 9, MODE, QMB, TimeUS,Mode,ModeNum,Rsn
FMT, 131, 9, EV, QB, TimeUS,Id
PARM, 1000000, BATT_CAPACITY, 5200
PARM, 1000000, FENCE_ACTION, 1
PARM, 1000000, FENCE_ALT_MAX, 100
MODE, 1000000, STABILIZE, 0, 1
EV, 1200000, 10
GPS, 3, 1500000, 200, 14, 0.8, 19.1334000, 72.9133000, 15.0, 1.2, 45.0, 1.5, 45.0
POS, 1500000, 191334000, 729133000, 15.0, 5.0, 5.0
MODE, 2000000, AUTO, 3, 1
GPS, 3, 2500000, 201, 15, 0.7, 19.1345000, 72.9142000, 35.0, 5.5, 48.0, 2.0, 48.0
POS, 2500000, 191345000, 729142000, 35.0, 25.0, 25.0
GPS, 3, 3500000, 202, 16, 0.7, 19.1360000, 72.9158000, 55.0, 8.0, 50.0, 1.0, 50.0
POS, 3500000, 191360000, 729158000, 55.0, 45.0, 45.0
GPS, 3, 4500000, 203, 16, 0.6, 19.1375000, 72.9170000, 75.0, 9.5, 52.0, 0.5, 52.0
POS, 4500000, 191375000, 729170000, 75.0, 65.0, 65.0
MODE, 5500000, RTL, 6, 1
GPS, 3, 6000000, 204, 15, 0.7, 19.1350000, 72.9150000, 40.0, 6.0, 230.0, -2.0, 230.0
POS, 6000000, 191350000, 729150000, 40.0, 30.0, 30.0
GPS, 3, 7000000, 205, 14, 0.8, 19.1334000, 72.9133000, 5.0, 1.0, 230.0, -1.0, 230.0
POS, 7000000, 191334000, 729133000, 5.0, 0.0, 0.0
EV, 7500000, 11
